------------------------------------------------------------
TimeQuest Timing Analyzer Summary
------------------------------------------------------------

Type  : Slow 1000mV 85C Model Setup 'external_clock'
Slack : 8.125
TNS   : 0.000

Type  : Slow 1000mV 85C Model Hold 'external_clock'
Slack : 0.778
TNS   : 0.000

Type  : Slow 1000mV 85C Model Minimum Pulse Width 'external_clock'
Slack : 9.463
TNS   : 0.000

Type  : Slow 1000mV 0C Model Setup 'external_clock'
Slack : 8.428
TNS   : 0.000

Type  : Slow 1000mV 0C Model Hold 'external_clock'
Slack : 0.775
TNS   : 0.000

Type  : Slow 1000mV 0C Model Minimum Pulse Width 'external_clock'
Slack : 9.383
TNS   : 0.000

Type  : Fast 1000mV 0C Model Setup 'external_clock'
Slack : 15.091
TNS   : 0.000

Type  : Fast 1000mV 0C Model Hold 'external_clock'
Slack : 0.306
TNS   : 0.000

Type  : Fast 1000mV 0C Model Minimum Pulse Width 'external_clock'
Slack : 9.569
TNS   : 0.000

------------------------------------------------------------
